2026-10-08 10:00:22 GET /api/orders 200
2026-10-08 10:01:22 GET /home 200
2026-10-08 10:02:22 GET /api/login 200
2026-10-08 10:03:22 GET /api/users 404
2026-10-08 10:04:22 GET /api/orders 404
2026-10-08 10:05:22 GET /api/pay 500
2026-10-08 10:06:22 GET /api/pay 200
2026-10-08 10:07:22 GET /home 404
2026-10-08 10:08:22 GET /api/users 404
2026-10-08 10:09:22 GET /api/pay 200
2026-10-08 10:10:22 GET /home 500
2026-10-08 10:11:22 GET /api/orders 200
2026-10-08 10:12:22 GET /api/pay 200
2026-10-08 10:13:22 GET /api/login 200
2026-10-08 10:14:22 GET /api/orders 200
2026-10-08 10:15:22 GET /home 200
2026-10-08 10:16:22 GET /api/users 200
2026-10-08 10:17:22 GET /api/login 200
2026-10-08 10:18:22 GET /api/orders 500
2026-10-08 10:19:22 GET /api/login 200
